Number of warnings: 0
Number of errors: 0
------------------------------------
Loading file: k06.tm
1000
Bye.
